// Jest Snapshot v1, https://goo.gl/fbAQLP

exports[`renders homepage unchanged 1`] = `
<div>
  <h1
    class="title"
  >
    Your 
    <span
      class="text-6xl font-bold "
    >
      Next.JS
    </span>
     boilerplate
  </h1>
</div>
`;
